── before ──
accelerate                   1.14.0
diffusers                    0.31.0
peft                         0.19.1
transformers                 5.13.0
── pin (requirements.txt) ──
  Consider adding this directory to PATH or, if you prefer to suppress this warning, use --no-warn-script-location.

Successfully installed accelerate-0.28.0 diffusers-0.30.2 huggingface-hub-0.36.2 tokenizers-0.15.2 transformers-4.39.2
── after ──
accelerate                   0.28.0
diffusers                    0.30.2
peft                         0.19.1
transformers                 4.39.2
── peft before ──
peft                         0.19.1
Successfully installed peft-0.12.0
── peft after ──
accelerate                   0.28.0
diffusers                    0.30.2
peft                         0.12.0
transformers                 4.39.2
